0,2023-05-08T19:49:00.000Z,a
15.000000,2023-05-08T19:49:15.000Z,b
0.863000,2023-05-08T19:49:15.863Z,c
